// Jest Snapshot v1, https://goo.gl/fbAQLP

exports[`Svg component render correct pased a valid name 1`] = `
<View>
  <View
    height={0}
    width={0}
  >
    <RNSVGSvgView
      align="xMidYMid"
      bbHeight={0}
      bbWidth={0}
      focusable={false}
      height={0}
      meetOrSlice={0}
      minX={0}
      minY={0}
      style={
        Object {
          "backgroundColor": "transparent",
          "borderWidth": 0,
        }
      }
      vbHeight={36}
      vbWidth={152}
      width={0}
      xmlns="http://www.w3.org/2000/svg"
    >
      <RNSVGGroup>
        <RNSVGGroup
          fill={null}
          fillRule={0}
          propList={
            Array [
              "fill",
              "fillRule",
            ]
          }
        >
          <RNSVGPath
            d="M12.443 3.544v19.774c0 2.679.108 5.056-.913 7-1.02 1.945-2.497 3.373-4.306 4.417-1.812 1.042-4.189.923-6.51.987v-4.39c2.29-.125 4.42-.255 5.767-1.733 1.346-1.48 1.462-3.619 1.462-6.42V3.543h4.5zm15.023 6.93a9.8 9.8 0 011.505.125c.754.096 4.181.65 5.672 3.04.006.009.008.016.015.024l-.001-2.396h4.316v19.331h-4.315v-2.48c-1.16 1.59-3.192 2.29-4.471 2.585a11.523 11.523 0 01-.798.157c-.488.083-1.136.174-1.778.202a.864.864 0 01-.183-.005c-.051.001-.097.008-.148.008-1.826 0-3.473-.397-4.941-1.19-1.47-.794-2.63-1.953-3.48-3.48-.852-1.525-1.276-3.345-1.276-5.461 0-2.117.44-3.962 1.32-5.535.884-1.57 2.074-2.784 3.575-3.64 1.5-.857 3.163-1.285 4.988-1.285zm57.04.094c1.36 0 2.566.17 3.618.512a8.83 8.83 0 012.924 1.635l-.059.092-2.106 2.154a5.478 5.478 0 00-1.431-.844c-.76-.311-1.478-.484-2.159-.515-.865 0-1.609.21-2.226.63-.62.422-.93.99-.93 1.705 0 .59.203 1.081.604 1.47.403.39.82.671 1.254.84.433.173 1.283.46 2.552.865 1.577.53 2.807 1.215 3.688 2.055.883.841 1.323 1.978 1.323 3.408 0 1.867-.648 3.407-1.95 4.622-1.298 1.213-3.14 1.82-5.52 1.82-1.424 0-2.777-.248-4.061-.746-1.283-.497-2.325-1.228-3.128-2.19l2.18-2.232c.674.603 1.376 1.087 2.108 1.434.851.405 1.694.606 2.53.606 1.02 0 1.856-.2 2.506-.606.649-.404.974-1.028.974-1.869 0-.652-.203-1.18-.605-1.586a3.723 3.723 0 00-1.368-.887 60.925 60.925 0 00-2.575-.84c-3.28-1.06-4.917-2.943-4.917-5.651 0-1.617.594-3.002 1.784-4.155 1.19-1.151 2.855-1.727 4.99-1.727zm-29.238-.074c4.203 0 7.611 2.925 7.633 6.539v13.516h-4.337V19.437c0-1.941-.168-3.345-1.28-4.329-.41-.36-.907-.631-1.443-.86-2.125-.723-3.848.29-4.817 1.124-1.34 1.148-2.011 2.783-2.011 4.915v10.32h-4.338v-19.35h4.156v2.268c1.361-1.807 3.75-3.03 6.437-3.03zm17.648.773v19.33H68.6v-19.33h4.316zm-44.618 2.77c-1.224 0-2.318.275-3.288.825-.97.547-1.735 1.328-2.298 2.342-.566 1.015-.846 2.18-.846 3.49 0 1.314.28 2.477.846 3.49.563 1.014 1.327 1.803 2.298 2.362.97.562 2.064.841 3.288.841 1.197 0 2.286-.28 3.27-.84a5.906 5.906 0 002.297-2.362c.551-1.014.826-2.177.826-3.491 0-1.31-.275-2.475-.826-3.49a5.779 5.779 0 00-2.298-2.342c-.983-.55-2.072-.824-3.27-.824zm42.45-10.54c.68 0 1.277.233 1.786.7.511.466.766 1.043.766 1.727 0 .685-.255 1.26-.766 1.727a2.556 2.556 0 01-1.786.701 2.638 2.638 0 01-1.808-.701c-.528-.466-.79-1.042-.79-1.727 0-.684.262-1.26.79-1.726.525-.468 1.127-.702 1.808-.702z"
            fill={4281282351}
            propList={
              Array [
                "fill",
              ]
            }
          />
          <RNSVGPath
            d="M140.74 12.974c-2.777 0-4.85.739-6.728 2.399-.188.17-.377.348-.57.529-.188.18-.37.359-.55.534l-.034.035-11.58 12.375a10.64 10.64 0 01-2.558 1.93l-.134.069-.02.01c-1.084.522-2.154.776-3.271.776-4.754 0-8.62-3.773-8.62-8.411 0-2.192.937-4.582 2.444-6.237 1.593-1.745 3.72-2.876 5.691-3.027a.517.517 0 00.049-.007l.016-.003c.919-.071 1.973-.037 3.048.098a16.3 16.3 0 012.35.468l.181.035a.982.982 0 00.843-.296l.274-.31.05-.056.148-.176a.497.497 0 00.024-.032l.025-.036a.954.954 0 00-.513-1.456l-.26-.081a19.207 19.207 0 00-3.872-.768c.635-1.908 2.087-3.783 4.045-5.206 2.237-1.627 4.855-2.5 7.37-2.448 3.012.058 5.733 1.052 7.661 2.799.408.369.786.76 1.158 1.197.148.173.325.288.559.35a.984.984 0 00.87-.266l.059-.057.052-.053.127-.14c.02-.018.042-.04.07-.07l.2-.23a.878.878 0 00.204-.503.936.936 0 00-.212-.66l-.028-.032a6.972 6.972 0 00-.22-.258C136.502 2.577 132.34.625 127.943.537l-.3-.003c-6.478 0-12.7 4.812-14.031 10.788a9.461 9.461 0 00-.377.045l-.02.005c-2.632.362-5.033 1.662-6.945 3.76-1.951 2.138-2.9 4.742-2.9 7.96 0 6.547 5.224 11.675 11.892 11.675 2.473 0 4.857-.82 6.906-2.378.507-.417 1.12-.997 1.827-1.726l9.633-10.32c.981-1.159 1.736-1.9 2.198-2.318l.24-.222c1.294-1.148 2.997-1.754 4.924-1.754 4.132 0 7.622 3.618 7.622 7.902 0 1.9-.879 4.042-2.291 5.593-1.316 1.441-3.32 2.427-5.234 2.573a.646.646 0 00-.054.01 13.69 13.69 0 01-2.75-.09c-.726-.09-1.43-.229-2.121-.42l-.152-.032-.04-.005a.954.954 0 00-.77.27l-.29.305a.665.665 0 00-.066.065l-.205.237a.956.956 0 00-.188.537c-.014.419.239.785.65.936l.348.121c.242.083.494.139.736.19a18.418 18.418 0 003.105.494 23.121 23.121 0 001.315.044c.238 0 .47-.005.696-.013.182-.008.372-.019.565-.036a10.806 10.806 0 007.06-3.502c1.776-1.948 2.64-4.318 2.64-7.246 0-6.07-4.856-11.008-10.826-11.008"
            fill={4280908287}
            propList={
              Array [
                "fill",
              ]
            }
          />
        </RNSVGGroup>
      </RNSVGGroup>
    </RNSVGSvgView>
  </View>
</View>
`;

exports[`Svg component render correct pased size 1`] = `
<View>
  <View
    height={250}
    width={250}
  >
    <RNSVGSvgView
      align="xMidYMid"
      bbHeight={250}
      bbWidth={250}
      focusable={false}
      height={250}
      meetOrSlice={0}
      minX={0}
      minY={0}
      style={
        Array [
          Object {
            "backgroundColor": "transparent",
            "borderWidth": 0,
          },
          Object {
            "flex": 0,
            "height": 250,
            "width": 250,
          },
        ]
      }
      vbHeight={36}
      vbWidth={152}
      width={250}
      xmlns="http://www.w3.org/2000/svg"
    >
      <RNSVGGroup>
        <RNSVGGroup
          fill={null}
          fillRule={0}
          propList={
            Array [
              "fill",
              "fillRule",
            ]
          }
        >
          <RNSVGPath
            d="M12.443 3.544v19.774c0 2.679.108 5.056-.913 7-1.02 1.945-2.497 3.373-4.306 4.417-1.812 1.042-4.189.923-6.51.987v-4.39c2.29-.125 4.42-.255 5.767-1.733 1.346-1.48 1.462-3.619 1.462-6.42V3.543h4.5zm15.023 6.93a9.8 9.8 0 011.505.125c.754.096 4.181.65 5.672 3.04.006.009.008.016.015.024l-.001-2.396h4.316v19.331h-4.315v-2.48c-1.16 1.59-3.192 2.29-4.471 2.585a11.523 11.523 0 01-.798.157c-.488.083-1.136.174-1.778.202a.864.864 0 01-.183-.005c-.051.001-.097.008-.148.008-1.826 0-3.473-.397-4.941-1.19-1.47-.794-2.63-1.953-3.48-3.48-.852-1.525-1.276-3.345-1.276-5.461 0-2.117.44-3.962 1.32-5.535.884-1.57 2.074-2.784 3.575-3.64 1.5-.857 3.163-1.285 4.988-1.285zm57.04.094c1.36 0 2.566.17 3.618.512a8.83 8.83 0 012.924 1.635l-.059.092-2.106 2.154a5.478 5.478 0 00-1.431-.844c-.76-.311-1.478-.484-2.159-.515-.865 0-1.609.21-2.226.63-.62.422-.93.99-.93 1.705 0 .59.203 1.081.604 1.47.403.39.82.671 1.254.84.433.173 1.283.46 2.552.865 1.577.53 2.807 1.215 3.688 2.055.883.841 1.323 1.978 1.323 3.408 0 1.867-.648 3.407-1.95 4.622-1.298 1.213-3.14 1.82-5.52 1.82-1.424 0-2.777-.248-4.061-.746-1.283-.497-2.325-1.228-3.128-2.19l2.18-2.232c.674.603 1.376 1.087 2.108 1.434.851.405 1.694.606 2.53.606 1.02 0 1.856-.2 2.506-.606.649-.404.974-1.028.974-1.869 0-.652-.203-1.18-.605-1.586a3.723 3.723 0 00-1.368-.887 60.925 60.925 0 00-2.575-.84c-3.28-1.06-4.917-2.943-4.917-5.651 0-1.617.594-3.002 1.784-4.155 1.19-1.151 2.855-1.727 4.99-1.727zm-29.238-.074c4.203 0 7.611 2.925 7.633 6.539v13.516h-4.337V19.437c0-1.941-.168-3.345-1.28-4.329-.41-.36-.907-.631-1.443-.86-2.125-.723-3.848.29-4.817 1.124-1.34 1.148-2.011 2.783-2.011 4.915v10.32h-4.338v-19.35h4.156v2.268c1.361-1.807 3.75-3.03 6.437-3.03zm17.648.773v19.33H68.6v-19.33h4.316zm-44.618 2.77c-1.224 0-2.318.275-3.288.825-.97.547-1.735 1.328-2.298 2.342-.566 1.015-.846 2.18-.846 3.49 0 1.314.28 2.477.846 3.49.563 1.014 1.327 1.803 2.298 2.362.97.562 2.064.841 3.288.841 1.197 0 2.286-.28 3.27-.84a5.906 5.906 0 002.297-2.362c.551-1.014.826-2.177.826-3.491 0-1.31-.275-2.475-.826-3.49a5.779 5.779 0 00-2.298-2.342c-.983-.55-2.072-.824-3.27-.824zm42.45-10.54c.68 0 1.277.233 1.786.7.511.466.766 1.043.766 1.727 0 .685-.255 1.26-.766 1.727a2.556 2.556 0 01-1.786.701 2.638 2.638 0 01-1.808-.701c-.528-.466-.79-1.042-.79-1.727 0-.684.262-1.26.79-1.726.525-.468 1.127-.702 1.808-.702z"
            fill={4281282351}
            propList={
              Array [
                "fill",
              ]
            }
          />
          <RNSVGPath
            d="M140.74 12.974c-2.777 0-4.85.739-6.728 2.399-.188.17-.377.348-.57.529-.188.18-.37.359-.55.534l-.034.035-11.58 12.375a10.64 10.64 0 01-2.558 1.93l-.134.069-.02.01c-1.084.522-2.154.776-3.271.776-4.754 0-8.62-3.773-8.62-8.411 0-2.192.937-4.582 2.444-6.237 1.593-1.745 3.72-2.876 5.691-3.027a.517.517 0 00.049-.007l.016-.003c.919-.071 1.973-.037 3.048.098a16.3 16.3 0 012.35.468l.181.035a.982.982 0 00.843-.296l.274-.31.05-.056.148-.176a.497.497 0 00.024-.032l.025-.036a.954.954 0 00-.513-1.456l-.26-.081a19.207 19.207 0 00-3.872-.768c.635-1.908 2.087-3.783 4.045-5.206 2.237-1.627 4.855-2.5 7.37-2.448 3.012.058 5.733 1.052 7.661 2.799.408.369.786.76 1.158 1.197.148.173.325.288.559.35a.984.984 0 00.87-.266l.059-.057.052-.053.127-.14c.02-.018.042-.04.07-.07l.2-.23a.878.878 0 00.204-.503.936.936 0 00-.212-.66l-.028-.032a6.972 6.972 0 00-.22-.258C136.502 2.577 132.34.625 127.943.537l-.3-.003c-6.478 0-12.7 4.812-14.031 10.788a9.461 9.461 0 00-.377.045l-.02.005c-2.632.362-5.033 1.662-6.945 3.76-1.951 2.138-2.9 4.742-2.9 7.96 0 6.547 5.224 11.675 11.892 11.675 2.473 0 4.857-.82 6.906-2.378.507-.417 1.12-.997 1.827-1.726l9.633-10.32c.981-1.159 1.736-1.9 2.198-2.318l.24-.222c1.294-1.148 2.997-1.754 4.924-1.754 4.132 0 7.622 3.618 7.622 7.902 0 1.9-.879 4.042-2.291 5.593-1.316 1.441-3.32 2.427-5.234 2.573a.646.646 0 00-.054.01 13.69 13.69 0 01-2.75-.09c-.726-.09-1.43-.229-2.121-.42l-.152-.032-.04-.005a.954.954 0 00-.77.27l-.29.305a.665.665 0 00-.066.065l-.205.237a.956.956 0 00-.188.537c-.014.419.239.785.65.936l.348.121c.242.083.494.139.736.19a18.418 18.418 0 003.105.494 23.121 23.121 0 001.315.044c.238 0 .47-.005.696-.013.182-.008.372-.019.565-.036a10.806 10.806 0 007.06-3.502c1.776-1.948 2.64-4.318 2.64-7.246 0-6.07-4.856-11.008-10.826-11.008"
            fill={4280908287}
            propList={
              Array [
                "fill",
              ]
            }
          />
        </RNSVGGroup>
      </RNSVGGroup>
    </RNSVGSvgView>
  </View>
</View>
`;
