// Jest Snapshot v1, https://goo.gl/fbAQLP

exports[`Text component render correct match snapshot 1`] = `
<Text
  style={
    Array [
      Object {
        "fontFamily": "Roboto",
        "fontSize": 16,
      },
      undefined,
    ]
  }
>
  Janis Picking
</Text>
`;
